white wins by 18
draw
white wins by 3
black wins by 1
black wins by 1
white wins by 18
draw
draw
white wins by 1
draw
black wins by 6
black wins by 1
black wins by 1
draw
black wins by 4
draw
black wins by 1
white wins by 1
black wins by 3
black wins by 1
white wins by 2
black wins by 2
black wins by 2
white wins by 3
black wins by 2
white wins by 8
black wins by 13
draw
draw
draw
black wins by 60
draw
white wins by 99
draw
draw
draw
draw
draw
draw
draw
draw
draw
black wins by 3
black wins by 6
black wins by 15
black wins by 24
white wins by 31
black wins by 47
black wins by 58
white wins by 74
black wins by 97
white wins by 112
white wins by 133
black wins by 160
black wins by 184
black wins by 221
black wins by 255
white wins by 275
black wins by 308
white wins by 346
white wins by 3
black wins by 8
black wins by 15
white wins by 24
white wins by 35
white wins by 48
white wins by 63
black wins by 80
white wins by 99
white wins by 120
black wins by 143
black wins by 168
black wins by 195
white wins by 224
white wins by 255
black wins by 288
black wins by 323
white wins by 360
draw
draw
draw
draw
draw
draw
draw
draw
draw
draw
draw
draw
draw
draw
draw
draw
draw
draw
draw
draw
white wins by 3
draw
black wins by 1
white wins by 1
draw
white wins by 1
white wins by 1
white wins by 3
white wins by 5
black wins by 2
white wins by 2
white wins by 1
white wins by 1
white wins by 2
black wins by 4
black wins by 2