1
---------------------------------
# # # # # # # # # # # 
# U U W W B B U W U # 
# W W U W B U B U W # 
# W B W W W B B U U # 
# W B B B B U U B B # 
# B B B W U B B B W # 
# B W B B U B W W W # 
# W W W B B W W U U # 
# U U U W W W U U U # 
# U U U U U U U U U # 
# # # # # # # # # # # 
---------------------------------
2
---------------------------------
# # # 
# B # 
# # # 
---------------------------------
3
---------------------------------
# # # # 
# W U # 
# U U # 
# # # # 
---------------------------------
4
---------------------------------
# # # # # # # 
# B B B W U # 
# B U B W U # 
# B U B W W # 
# B U B U U # 
# B B B U U # 
# # # # # # # 
---------------------------------
5
---------------------------------
# # # # # # # 
# B B B W U # 
# B U B W U # 
# B U B W W # 
# B U B U U # 
# B B B U U # 
# # # # # # # 
---------------------------------
6
---------------------------------
# # # # # # # # # # # 
# U U W B B W W W U # 
# U U W W B B B W U # 
# U U W B B B W U W # 
# U W B B W B W W W # 
# U W B U U B W B B # 
# U W W B B U B U B # 
# U U W W B U B B U # 
# U U U W B B U U W # 
# U U U W W B U W U # 
# # # # # # # # # # # 
---------------------------------
7
---------------------------------
# # # # 
# U U # 
# B W # 
# # # # 
---------------------------------
8
---------------------------------
# # # # # 
# B U U # 
# B B W # 
# B U U # 
# # # # # 
---------------------------------
9
---------------------------------
# # # # # # 
# W U W U # 
# W W B U # 
# U W B B # 
# B W W W # 
# # # # # # 
---------------------------------
10
---------------------------------
# # # # # # # 
# W B U B B # 
# B B W W W # 
# U W B B U # 
# U W W W U # 
# U B U W W # 
# # # # # # # 
---------------------------------
11
---------------------------------
# # # # # # # # 
# W B W B W U # 
# U U W U U B # 
# W B W U B U # 
# W U B W B B # 
# B B B B U U # 
# B B U B U U # 
# # # # # # # # 
---------------------------------
12
---------------------------------
# # # # # # # # # 
# W B U U B W U # 
# B B B W U W W # 
# B U B W U U U # 
# W B U B B B U # 
# B U W W U U W # 
# U U U U W W B # 
# U B U U U B U # 
# # # # # # # # # 
---------------------------------
13
---------------------------------
# # # # # # # # # # 
# U U U U B B W W # 
# U W B U B B B U # 
# B U W B B B U U # 
# U B B B B U U U # 
# U B B W W B B U # 
# U U W B U U W U # 
# B B U U W U U W # 
# U B W B U U U B # 
# # # # # # # # # # 
---------------------------------
14
---------------------------------
# # # # # # # # # # # 
# U B W U B W U U U # 
# U U B W W B B W B # 
# U U W U W B U W U # 
# U B B U U U W W B # 
# B U U B W U W U B # 
# W W U W B B W U U # 
# W U U W W W B B U # 
# W B U B W W W U W # 
# U B B B B W B B U # 
# # # # # # # # # # # 
---------------------------------
15
---------------------------------
# # # # # # # # # # # # 
# U U B B W B W U B B # 
# B B U W B B B W U B # 
# B U B B U B U U W W # 
# B U W B B B B U B B # 
# W W U U U U B U W U # 
# U W B U B W W W U U # 
# U U W W W W W W U U # 
# U U B B U U U W U U # 
# B W U U W U B W B U # 
# B B B U W B U B W U # 
# # # # # # # # # # # # 
---------------------------------
16
---------------------------------
# # # # # # # # # # # # # 
# B U W U W W B U W U B # 
# U W U B W U B B U B W # 
# U B W W B W B B B W U # 
# W B U U W W W U W U U # 
# W U B W U B W W B B W # 
# W U U U U U W W B B B # 
# B B W W W U U U W B U # 
# W W B U B U U U U W U # 
# B U B B B B B U U W B # 
# B U B B W U W W U U B # 
# B U B U W W W W U U B # 
# # # # # # # # # # # # # 
---------------------------------
17
---------------------------------
# # # # # # # # # # # # # # 
# W U W B W B W W W U B U # 
# U W B W U U U W U B U B # 
# U U B B U B W W B B W B # 
# W U U U B B U U B W W W # 
# W B B W B U U W W U W W # 
# W U U B U B W B B B B U # 
# W U W B B U U U U B U B # 
# W U B B B B U W W B U W # 
# B U U B W W B U B B U W # 
# W U U U W U U B B W B U # 
# W U W U W B W U B B B B # 
# W U W B B U U W U W U W # 
# # # # # # # # # # # # # # 
---------------------------------
18
---------------------------------
# # # # # # # # # # # # # # # 
# U W W W U W U U U U U W B # 
# W W W B U B U B B W W W B # 
# U U B U B B W U B U W B B # 
# B U B U B U U U U B W U U # 
# B B W W U B W B B W W W U # 
# U U W W U B U B B W B U U # 
# W W B B W B W W W B W U W # 
# U W B B W U B B U U B B B # 
# B B U U W U U B B U U U W # 
# U B W W W B W W W B B B B # 
# W U W U U U W B W W U U U # 
# U U W U U U B W W U W U W # 
# W B B U W U U U W B B B W # 
# # # # # # # # # # # # # # # 
---------------------------------
19
---------------------------------
# # # # # # # # # # # # # # # # 
# U B W W B B U B U W W U U W # 
# U B U U U B B B U U W B W W # 
# U W U U B B U U W U W W U B # 
# U U B U W U B W U B U U B U # 
# W U U U B W B U U B U B B W # 
# B U U U B B B U U W B U B B # 
# U U U U U U B W W B B B B U # 
# B U B U W W B W B W B B B B # 
# U W B W U U W W B U B W U U # 
# W B W U B B B U U U U W U U # 
# B U U W U W W U U B U U U U # 
# B B B U B U U B W U U W W W # 
# W B W U W B W U U U W B U U # 
# U U U U U B W W U U W W W W # 
# # # # # # # # # # # # # # # # 
---------------------------------
20
---------------------------------
# # # # # # # # # # # # # # # # # 
# U U U W U W B B W W B W B W U # 
# W B B U U U U U B B B W B U B # 
# U U B B B W W U B W U B U W B # 
# U B W U B U U B W W W U B U W # 
# B W W W B B U W W W B U W U W # 
# U W U U W B B W U B U B B U U # 
# W U B W W U U W U W B U W B U # 
# B U U U W U B B W U B B U W U # 
# B U B U B W W U U W W W B U W # 
# B U U U B B W B U U W U U B W # 
# B U U U U U U B W W W W U B U # 
# W W U B W B U U B B W B B U W # 
# B U B W W U U U U W B U U U W # 
# W W U B U W W U B B B W B W U # 
# U W W W W U U B B U B W B W B # 
# # # # # # # # # # # # # # # # # 
---------------------------------
21
---------------------------------
# # # # # # # # # # # # # # # # # # 
# W U W W U W B W B U U U W B U B # 
# W W U W W B B W U U W U W B W U # 
# B W B B W B W B W U W W B W U W # 
# U W B B W W B U U U B W B W W W # 
# B B U B U U B U W B W U W B U U # 
# U U W W W W B W U W B U B W U U # 
# U U U U B U W W U U W B B U B W # 
# W B B U B W W U U U B U W W U U # 
# B W W U B U W U U U W U W W U U # 
# U B W B B U B B W U W U U B B B # 
# U U B U B B B U U W B U B W W U # 
# W W W W W W B U B W W B U W B B # 
# U U W B W B U B W B U W W W W U # 
# B B W U B B U W W U W W W U U W # 
# B B B U B U U U B B W U B B U U # 
# W U U W U U U U B U B B U W U W # 
# # # # # # # # # # # # # # # # # # 
---------------------------------
22
---------------------------------
# # # # # # # # # # # # # # # # # # # 
# U B W B U U W B B U B B U U B B W # 
# W U U B W W U U U B U W B W W U B # 
# U B W U B W U W W B W B U U U U U # 
# B W B U W B U U U U B B U W B U U # 
# B W U U U U B B W B U W W W B U U # 
# U B U U W B W B B U U B U U U U W # 
# B B U B U B W U W U U W U W B U W # 
# B U W W W U W B B B B U B W B U U # 
# B W U B W B U B B B W U W W W U B # 
# W U W U B U W B U W B U U B W W B # 
# U U B B W B W U B U W U B W W B B # 
# B B B U B B B B U U U W W B U B W # 
# B W U W B W U U U B B W W U U W W # 
# U U B U W U U W U B W W U U W U U # 
# B B B B B B U B U B W W U B W W U # 
# U W U B W W U U W W U B U B U B U # 
# B B B W W W U U U B W W B B B B U # 
# # # # # # # # # # # # # # # # # # # 
---------------------------------
23
---------------------------------
# # # # # # # # # # # # # # # # # # # # 
# B B U B U W B B B U B W B U B U W U # 
# B U B U U U U W U B U W W B W W U B # 
# W U U B W U W B W U B U U B B U U W # 
# U U B U U W B B B B B U W W U W B U # 
# B U W B B B B W B B B B B B W U W W # 
# U U U U B W U U U U B U W U W U W U # 
# U B B B U U B B B W B W B U W W U U # 
# W B U W B U U B U U U U U U B B U U # 
# B B B B W B U W W W W B B B W W U W # 
# W B U U B U W W B B B W W B W B W U # 
# U B U B B B W U B B U B U B B W U U # 
# W U W U W B W U U U U B B U U B B B # 
# B W W W U W B B B U B W U B W B B W # 
# U B W B W U B U B U B U B B U U U U # 
# B U B U B U U U W W B U B W B W W B # 
# B B B W B W W W U B U B W W W W B W # 
# W B U W W W U U B B B W B U W W W W # 
# B B U W U W W U U W W B U U B U W B # 
# # # # # # # # # # # # # # # # # # # # 
---------------------------------
24
---------------------------------
# # # # # # # # # # # # # # # # # # # # # 
# U B B W U W W B W B W W U U W W W U B # 
# U W W B B U U B W W B B B U B B W U W # 
# U B W W B W U B U B B B B U U B W U W # 
# U U W U W W B B U U W U B B W W B U B # 
# B W B W U W B U W U W B U B B B W U B # 
# U U B B U U W U U U W U W W W U B U B # 
# B W U W W B U W U U B B W B W U U U B # 
# W U W U U W W U B U B U W B U B U U W # 
# W W U U B B W B W B U B U B U W U W W # 
# B U W U B B U B W B U W W W B B W W W # 
# U U U U U W B B W U U B W U B W U W B # 
# U W W W U W B B W W U U B W W U B U W # 
# B W W W W U U U B W U U B B U B U U W # 
# B W B W U B U W B B B B W W U B U B W # 
# B U W W U W B W U U U W U B B U W W U # 
# B U W B U B U B U B U B W B B W B B W # 
# W U U W U U B U U W B B W U B B W U U # 
# B W U U B U W W B U W W W W W W U W W # 
# W U B U U U U W W B W U B U U W W W W # 
# # # # # # # # # # # # # # # # # # # # # 
---------------------------------
25
---------------------------------
# # # # 
# B B # 
# U U # 
# # # # 
---------------------------------
26
---------------------------------
# # # # # 
# U W U # 
# U U U # 
# U U U # 
# # # # # 
---------------------------------
27
---------------------------------
# # # # # # 
# U U U U # 
# B U B B # 
# U U U U # 
# U U U U # 
# # # # # # 
---------------------------------
28
---------------------------------
# # # # # # # 
# U U U W U # 
# W U U U U # 
# U U U U U # 
# U U U B U # 
# U U U U U # 
# # # # # # # 
---------------------------------
29
---------------------------------
# # # # # # # # 
# B U U U U U # 
# U U U U U U # 
# U U U W U U # 
# U U U U U B # 
# U U U U U U # 
# U U U W U U # 
# # # # # # # # 
---------------------------------
30
---------------------------------
# # # # # # # # # 
# B U U U U U U # 
# U U U U U U U # 
# U U U U U U U # 
# U U U U U U B # 
# U U U U U U U # 
# U U U U U U U # 
# U U U U U W U # 
# # # # # # # # # 
---------------------------------
31
---------------------------------
# # # # # # # # # # 
# U U B U U U U U # 
# U U U U U U U U # 
# U B U B U U U B # 
# U U U U U U U U # 
# U U U U U U U U # 
# U U U U U U U U # 
# U U U U U U U U # 
# U U U U U U U U # 
# # # # # # # # # # 
---------------------------------
32
---------------------------------
# # # # # # # # # # # 
# U U U U U U U U U # 
# U U U U U U U U U # 
# U U B U U B U U U # 
# W U U U U U U U U # 
# U U U U U U U W U # 
# U U U U U U U U U # 
# U U U U U U U U U # 
# U U U U W U U U U # 
# U U U U U U U U U # 
# # # # # # # # # # # 
---------------------------------
33
---------------------------------
# # # # # # # # # # # # 
# U U U U U U U U U U # 
# U U U U U U U U U U # 
# U U U U U U U U U U # 
# U U U U U U U U U U # 
# U W U U U U U U U U # 
# U U U U U U U U U U # 
# U U U U U U U U U U # 
# U U U U U U U U U U # 
# U U U U U U U U U U # 
# U U U U U U U U U U # 
# # # # # # # # # # # # 
---------------------------------
34
---------------------------------
# # # # # # # # # # # # # 
# B U U U W U U U U U U # 
# U W U U U U U B U U U # 
# U U U W U U W U B U U # 
# U U U U U U U U U U U # 
# U U U U U U U U U U U # 
# B U U U B U U U U U U # 
# U U U U U U U U U U U # 
# U U U U U U U W U U U # 
# U U U U U U U U U U W # 
# U U U U U U U U U U U # 
# U U U U U U U U U U U # 
# # # # # # # # # # # # # 
---------------------------------
35
---------------------------------
# # # # # # # # # # # # # # 
# U B U U U U U U U U U U # 
# U U U U U U U U U B U U # 
# U U U U U U U U U U U U # 
# U U U U U U U U U U U U # 
# U U B U U U U U U U U U # 
# B U U U U U U U U U U U # 
# U U U U U U U U U U U U # 
# U U U U U U U U U U U U # 
# U U U U U U U U U U U U # 
# U U U U U U U U U U U U # 
# U U U U U U B U U U U U # 
# W B W U U B U U U U U U # 
# # # # # # # # # # # # # # 
---------------------------------
36
---------------------------------
# # # # # # # # # # # # # # # 
# U U U U U U U U U U U U U # 
# U U U U U U U U U B U U U # 
# U U U U U U U U U U U U U # 
# U U U U U U U U W U U U U # 
# U U U U U U B B U U U U U # 
# U U W U U W U U U U U W U # 
# U U U U U U U U U U U U U # 
# U B U U U U U U U U U U U # 
# B U U U U U U U U U U U U # 
# U U U U U U U U U U U U U # 
# U U U U U U U U U U U U U # 
# U U U U U U U U U U U U U # 
# U U U U U U U U U U U U U # 
# # # # # # # # # # # # # # # 
---------------------------------
37
---------------------------------
# # # # # # # # # # # # # # # # 
# U U U U U U U U U U U U U U # 
# U U U B U U U U U U U U U U # 
# U U U U U B U U U U U U U U # 
# U U U U U U U U U U U U U U # 
# B U U U U U U U U U B U U U # 
# U U U U U U U U W U U U U U # 
# U U U U U U U U U U U U U U # 
# U U U U U U U U U U U U U U # 
# U U U U U U U U U U U B U U # 
# U U U U U U U U U U U U U B # 
# U U U U U B B B U U U U U U # 
# U U U U U U U U U U U B U U # 
# U U U U U U U U U U U U W U # 
# U U U U U U U U U U U U U U # 
# # # # # # # # # # # # # # # # 
---------------------------------
38
---------------------------------
# # # # # # # # # # # # # # # # # 
# U U W U U U U U B U U U U U U # 
# U U U U U U U U U U U U U U U # 
# U U U U U U U U U U U U U U U # 
# U U U U U U U U U U U U U U U # 
# U U U U U U U U U U U U U U U # 
# U U U U U U U U U W U U U U U # 
# U U U U U U U U U U U U U U U # 
# W U U U U U U U U U U U U U U # 
# U U B U U U U U U U U U U U U # 
# B U B U U U U U U U U U U U U # 
# U U U U U U U U U U U U U U U # 
# U U U U U U U U U U U U U U U # 
# U U U U U U U U U U U U U U U # 
# U B U B U U U U U U B U U U U # 
# U U U U U U U U U U U U W W U # 
# # # # # # # # # # # # # # # # # 
---------------------------------
39
---------------------------------
# # # # # # # # # # # # # # # # # # 
# U U U U U B W U U U U U U U U U # 
# U U U B U U U U U U U U U U U U # 
# U U U U U U U U U U U U U U U U # 
# U U U U U U U U U U U U U U U U # 
# U U U U U U B U U U U U U U U U # 
# U U U U U U U U U U B U U U U U # 
# U U U U U U U U U U U U U U U U # 
# U U U U U U U U U U B U B U U U # 
# U U U U U U U U U U U U U U U U # 
# U U U U U U U W U U U W U U U U # 
# U B U U U U U U B U U U U U U U # 
# U U U U U U U U U U U U U U W U # 
# U U W U U U U U U U U U U U U U # 
# U U U U U U U U U U U B U U U U # 
# U U U U U U U U U U U U U U U U # 
# U U U U U U U U U U U U U U U U # 
# # # # # # # # # # # # # # # # # # 
---------------------------------
40
---------------------------------
# # # # # # # # # # # # # # # # # # # 
# U U U U U U U U U U U U U U U U U # 
# U U U U U U U U U U U U U U U U U # 
# U U U U U U U U U U U U U U U U U # 
# U U U U U U U U U U U U U W U U U # 
# U U U U U U U U U U U U U U U U U # 
# U U U U U U U U U U U U U U U U U # 
# U U U U U U U U U U U U B U U U U # 
# U U U U U U U U U U U U U U U U U # 
# U U U U U U U U U U U U U U U U U # 
# U U U U U U U U U U U U U U U U U # 
# U U U U U U U U U U U U U U U U U # 
# U U U U U U U U U U U U U U U U U # 
# U U U U U U U U U U U U U U U U U # 
# U U U U U U U U U U U U U U U U U # 
# U U U U U U W U U U U U U U U U U # 
# U U U U U U U U U U U U U U U U U # 
# U U U U U U U U U U U U U U U U U # 
# # # # # # # # # # # # # # # # # # # 
---------------------------------
41
---------------------------------
# # # # # # # # # # # # # # # # # # # # 
# U U U U U U U U U U U U U U U U U U # 
# U U U U U U U U U U U U U U B U U U # 
# U U U U U U U U U U U U U U U U U U # 
# U U U U U B U U U U U U U U U U U U # 
# U U U U U U U U U U U U U U U U U U # 
# U U U U U U U U U U U U U U U U U U # 
# U U U U U U U U U U U U U U U U U U # 
# U U U U U U U U U U U W U U U U U U # 
# U U U U U U U U U U U U U U U U U U # 
# U U U U W U U U U U U U U U U U U U # 
# U U U U U U U U U U U U U U U U U U # 
# U U U U U U U U U U U U U U U U U U # 
# U U U U U U U U U U U U U U U U U U # 
# U U U U U U U U U U U U U U U U U U # 
# U U U U U U U U U U U U U U U U U U # 
# U U U U U U U U U U U U U U U U U U # 
# U U U U U U U U U U U U U U U U U U # 
# U U U U U U U U U U U U U U U U U U # 
# # # # # # # # # # # # # # # # # # # # 
---------------------------------
42
---------------------------------
# # # # # # # # # # # # # # # # # # # # # 
# U B U U U U U U U U U U U U U U U U U # 
# U U U B U U U U U U U U U U U U U U U # 
# U U U U U U U U U U U U U U U U U U U # 
# U U U U U U U U U U U U U U U U U U U # 
# U U U U U U U U U U U U U U U U U U U # 
# U W U U U U U U U U U U U U U U U U U # 
# U U U U U U U U U U U U U U U U U U U # 
# U U U U U U U U U U U U U U U U U U U # 
# U U U U U U U U U U U U U U U U U U B # 
# U U U U U U U U U U U U U U U U U U U # 
# U U U U U U U U U U U U U U U U U U U # 
# U U U U W U U W U U U B U U U U U U U # 
# U U U U U U U U U U U U U U U U U U U # 
# U U U U U U U U U U U U U U U U U U U # 
# U U U U U U U U U U U B U U U U B U U # 
# U U U U U U U U U U U U U U U U U U U # 
# U U U U U U U U U U U U U U U U U U U # 
# U U U U U U U U U U U U U U U U U U U # 
# U U U U U B U U U U U U U U U U U U U # 
# # # # # # # # # # # # # # # # # # # # # 
---------------------------------
43
---------------------------------
# # # # 
# U U # 
# B U # 
# # # # 
---------------------------------
44
---------------------------------
# # # # # 
# U U U # 
# B B B # 
# U U U # 
# # # # # 
---------------------------------
45
---------------------------------
# # # # # # 
# U U U U # 
# U U U B # 
# U U U U # 
# U U U U # 
# # # # # # 
---------------------------------
46
---------------------------------
# # # # # # # 
# U B U U U # 
# U U U U U # 
# U U U U U # 
# U U U U U # 
# U U U U U # 
# # # # # # # 
---------------------------------
47
---------------------------------
# # # # # # # # 
# U W U U U U # 
# U U U U U U # 
# U W U U W U # 
# U U U W U W # 
# U U U U U U # 
# U U U U U U # 
# # # # # # # # 
---------------------------------
48
---------------------------------
# # # # # # # # # 
# U U U U U U U # 
# U U U U U U U # 
# U U U U U B U # 
# U U U U U U U # 
# B U U U U U U # 
# U U U U U U U # 
# U U U U U U U # 
# # # # # # # # # 
---------------------------------
49
---------------------------------
# # # # # # # # # # 
# U U U U U U B U # 
# U U U U U U U U # 
# U U U U U U U U # 
# U U U U U U U U # 
# U U U U U U U B # 
# U U U U U U U B # 
# U U U U U U U U # 
# U B B U U U U B # 
# # # # # # # # # # 
---------------------------------
50
---------------------------------
# # # # # # # # # # # 
# U U U U U U U U U # 
# U U U W U U U W U # 
# U U U U U U U U U # 
# U W U U U U U W U # 
# U U U U U U U U U # 
# U U U W U U U U U # 
# U U U U U U U W U # 
# U U U U U U U U U # 
# U U U W U U U U U # 
# # # # # # # # # # # 
---------------------------------
51
---------------------------------
# # # # # # # # # # # # 
# U U U U U B U U U U # 
# U U U U U U U U U U # 
# U U U U U U U U U U # 
# U U U U U U U U U U # 
# U U U U U U U U U U # 
# U U U U U U U U U B # 
# U U U U U U U U U U # 
# U U U U U U U U U U # 
# U U U U U B U U U U # 
# U U U U U U U U U U # 
# # # # # # # # # # # # 
---------------------------------
52
---------------------------------
# # # # # # # # # # # # # 
# U U U U U U U U U U U # 
# U U U W U U U U U U U # 
# U U U U U U U U U U U # 
# U U U U U U U W U U U # 
# U U U U U U U U U U U # 
# U U U U U U U U U U U # 
# U U U U U U U U U U U # 
# U U U U W U U U U W U # 
# U U U W U U U W U U U # 
# U U U U U U U U U U U # 
# U U W U U W W U U U U # 
# # # # # # # # # # # # # 
---------------------------------
53
---------------------------------
# # # # # # # # # # # # # # 
# U U U U U U U U U U U U # 
# U U U U U W U U U U U U # 
# U U W U U U U U U U U U # 
# U U U U U U W U U U U U # 
# U U U U U U U U U U W U # 
# U U U U W U U U U U U U # 
# U U W U U U W U U U U U # 
# U U U U U W U U U U U U # 
# U U U U U U U U U U U U # 
# U W U U U U U U U U U U # 
# U U U W W U U U U U U U # 
# U U U U U U U U U U U U # 
# # # # # # # # # # # # # # 
---------------------------------
54
---------------------------------
# # # # # # # # # # # # # # # 
# U U U U U U U U U U U U U # 
# U U U U B U U U U U U U U # 
# U U U U U U U U U B U U U # 
# U U U U U U U U U U U U U # 
# U U U U U U U U U U U U U # 
# U U U U U U U U U U U U U # 
# U U U U U U U U U U U U U # 
# U U U U U U U U U U U U U # 
# B U U U U U U U U B U U U # 
# U U U U U U U B U U U U U # 
# U U U U U U U U U U U U U # 
# U U B B U U U U U U U U U # 
# U U U U U U U U U B U B U # 
# # # # # # # # # # # # # # # 
---------------------------------
55
---------------------------------
# # # # # # # # # # # # # # # # 
# U U U U U U U U U U U U U U # 
# U U U U U U U U U U U U U U # 
# U U U U U U U U U U U U U U # 
# U U U U U U U U U U U U U U # 
# U U U U U U B U U U B U U U # 
# U U U U U U U U U U U U U U # 
# U U U U U U U U U U U U U U # 
# U U U B U U U U U B B U U U # 
# U U U U U U U U U U U U U U # 
# U U U U U U U B U U U U U U # 
# U U U U U U U U U U U U U B # 
# U B U U U U U U U B U U U U # 
# U U U U U U U U U U B U U U # 
# B U U U U U U U U U U B U U # 
# # # # # # # # # # # # # # # # 
---------------------------------
56
---------------------------------
# # # # # # # # # # # # # # # # # 
# U U U U U U U U U U U U U U B # 
# U U U U U U U U U U U U U U U # 
# U U U U U U U U U U U U U U U # 
# U U U U U U U U U U U U U U U # 
# U U U U U U U U U U U U U U U # 
# B U U U U U U U U U U U U U U # 
# U U U U U U U U U U U U U U U # 
# U U U U U U B U U U U U U U U # 
# U U U U U U U U U U U U U U U # 
# U U U U U U U U U U U U U U U # 
# U U U U U U U U U U U U U U U # 
# U U U U U U U U U U U U U U U # 
# U U U U U U U U U U U U U U U # 
# U U U U U U U U U U U U U U U # 
# U U U U U U U U B U U U U U U # 
# # # # # # # # # # # # # # # # # 
---------------------------------
57
---------------------------------
# # # # # # # # # # # # # # # # # # 
# U U U U U U U U U U U U U U U U # 
# U U U U U U U U U U U U U U U U # 
# U U U U U U U U U U U U U U U U # 
# U U U U U U U U U U U U U U U U # 
# U U U U U U U U U U U U U U U U # 
# U U U U U U U U U U U U U U U U # 
# U U U U U U U U U U U U U U U U # 
# U U U U U U U U U U U U U U U U # 
# U U U U U U U U U U U U U U U U # 
# U U U U U U U U U U U U U U U U # 
# U U B U U U U U U U U U U U U U # 
# U U U U U U U U U U U U U U U U # 
# U U U U U U U U U U U U U U U U # 
# U U U U U U U U U U U U U U U U # 
# U U U U U U U U U U U U U U U U # 
# U U U U U U U U U U U U U U U U # 
# # # # # # # # # # # # # # # # # # 
---------------------------------
58
---------------------------------
# # # # # # # # # # # # # # # # # # # 
# U U U U U U U U U U U U U U W U U # 
# U U U U U U W U U U U U U U U U W # 
# U U U U U U U U U U U U W U U U U # 
# U U U U W U U U U U U U U U U U U # 
# U U U U U U U U U U U U U U U U U # 
# W U U U W U U U U U U U U U U U U # 
# U U U U U U U U U W U U U U U U U # 
# U U U U U U U U U U U U U U U U U # 
# U U U U U U U U U U U U U U U U U # 
# U U U U U U U U U U U U U U W U U # 
# U U U U U U U U U U U U U U U U U # 
# U U U U U U U U U U U U U U U U U # 
# U U U U U U U U U U U U U U U U U # 
# W U U U U U U U W U U U U U U U U # 
# U W U U U W U U U U U U U U U U U # 
# U U U U U U U U U U U U U U U W U # 
# U U U U U U U U U U U U U U U U U # 
# # # # # # # # # # # # # # # # # # # 
---------------------------------
59
---------------------------------
# # # # # # # # # # # # # # # # # # # # 
# B U U U B U U U U U B U U U U U U U # 
# U U B U U U U U U U U U U U U U U U # 
# U U U U U U U U U U U U U U U U U U # 
# U U U U U U U U B U U U U U U U B U # 
# U U U U U U U U U U U U U U U U U U # 
# U U U U U U U U U U U U U U U U U U # 
# U U U U U U U U U U U U U U U U U U # 
# U U U U U U U B U U U U U U U U U U # 
# U U U U U B U U B U U U U U U U U U # 
# U U U U U U U U U U U U U U U U U U # 
# U U U U U U U U U U U U U U U U U U # 
# U U U U U U U U U U U U U U U B U U # 
# U U U U U U U U U B U U U U U U U U # 
# U U U U U B B U U U U U U U U U U U # 
# U U U B U U U U U U B U U U U U U U # 
# U U U U U U U U U U U U U U U U U U # 
# U U U U U U U U U U U U U B U U U U # 
# U U U U U U U U U U U U U U U U U U # 
# # # # # # # # # # # # # # # # # # # # 
---------------------------------
60
---------------------------------
# # # # # # # # # # # # # # # # # # # # # 
# U U U U U U U U U U U U U U U U U U U # 
# U U U U U U U U U U U U U U U U U U U # 
# U U U U U U U U U U W U U U U U U U U # 
# U U U U U U U W W U U U U U U U U U U # 
# U U U U U U U U U U U U U U U U U U U # 
# U U U U U U U U U U U U U U U U U U U # 
# U U U U U U U U U U U W U W U U W U U # 
# U U U U U U U U U U U U U U U U U U U # 
# U U U U U U W U U U U U U U U U U W U # 
# U U U U U U U U U U U U U U U U U U U # 
# U U U U U U U U U U U U W U U U U U U # 
# U U U U U U U U U U U U U U U U U U U # 
# U U U U U U U U U U U U U U U U U U U # 
# U U U U U U U U U U U U U U U U U U U # 
# U U U U U U U U U U U U U U U U U W W # 
# U U U U U U W U U U U U U U U U U U U # 
# U U U U U U U W U U U U U U U U U U U # 
# U U U U U U U U U U U U U U U U W U U # 
# U U U U U U U U U U W U U U U U U U U # 
# # # # # # # # # # # # # # # # # # # # # 
---------------------------------
61
---------------------------------
# # # # 
# U U # 
# U W # 
# # # # 
---------------------------------
62
---------------------------------
# # # # # 
# U U U # 
# U U B # 
# U U U # 
# # # # # 
---------------------------------
63
---------------------------------
# # # # # # 
# U U U U # 
# U U U B # 
# U U U U # 
# U U U U # 
# # # # # # 
---------------------------------
64
---------------------------------
# # # # # # # 
# U U U U U # 
# U U W U U # 
# U U U U U # 
# U U U U U # 
# U U U U U # 
# # # # # # # 
---------------------------------
65
---------------------------------
# # # # # # # # 
# U U U U U U # 
# U U U U U U # 
# U U U U U U # 
# U U U U U U # 
# U U U U U U # 
# U U U U U W # 
# # # # # # # # 
---------------------------------
66
---------------------------------
# # # # # # # # # 
# U U U U U U U # 
# U U U U U U U # 
# U U U U U U U # 
# U U U U U U U # 
# U W U U U U U # 
# U U U U U U U # 
# U U U U U U U # 
# # # # # # # # # 
---------------------------------
67
---------------------------------
# # # # # # # # # # 
# U U U U U U U U # 
# U U U U U U U U # 
# U U U U U U W U # 
# U U U U U U U U # 
# U U U U U U U U # 
# U U U U U U U U # 
# U U U U U U U U # 
# U U U U U U U U # 
# # # # # # # # # # 
---------------------------------
68
---------------------------------
# # # # # # # # # # # 
# U U U U U U U U U # 
# U U U U U U U U U # 
# U U U U U U U U U # 
# U U U U U U U U U # 
# U U U U U U U U U # 
# U U U U B U U U U # 
# U U U U U U U U U # 
# U U U U U U U U U # 
# U U U U U U U U U # 
# # # # # # # # # # # 
---------------------------------
69
---------------------------------
# # # # # # # # # # # # 
# U U U U U U U U U U # 
# U U U U U U U U U U # 
# U U U U U U U U U U # 
# U U U U U U U U U U # 
# U U U U U U U U U U # 
# U U U U U U U U U U # 
# U U U U U U U U U U # 
# U U U U U U U U U U # 
# U U U U U W U U U U # 
# U U U U U U U U U U # 
# # # # # # # # # # # # 
---------------------------------
70
---------------------------------
# # # # # # # # # # # # # 
# U U U U U U U U U U U # 
# U U U U U U U U U U U # 
# U U U U U U U U U U U # 
# U U U U U U U U U U U # 
# U U U U U U U U U U U # 
# U U U U U U U U U U U # 
# U U U U U U U U U U U # 
# U U U U U U U U U U U # 
# U U U U U U U U U U U # 
# U U U W U U U U U U U # 
# U U U U U U U U U U U # 
# # # # # # # # # # # # # 
---------------------------------
71
---------------------------------
# # # # # # # # # # # # # # 
# U U U U U U U U U U U U # 
# U U U U U U B U U U U U # 
# U U U U U U U U U U U U # 
# U U U U U U U U U U U U # 
# U U U U U U U U U U U U # 
# U U U U U U U U U U U U # 
# U U U U U U U U U U U U # 
# U U U U U U U U U U U U # 
# U U U U U U U U U U U U # 
# U U U U U U U U U U U U # 
# U U U U U U U U U U U U # 
# U U U U U U U U U U U U # 
# # # # # # # # # # # # # # 
---------------------------------
72
---------------------------------
# # # # # # # # # # # # # # # 
# U U U U U U U U U U U U U # 
# U U U U U U U U U U U U B # 
# U U U U U U U U U U U U U # 
# U U U U U U U U U U U U U # 
# U U U U U U U U U U U U U # 
# U U U U U U U U U U U U U # 
# U U U U U U U U U U U U U # 
# U U U U U U U U U U U U U # 
# U U U U U U U U U U U U U # 
# U U U U U U U U U U U U U # 
# U U U U U U U U U U U U U # 
# U U U U U U U U U U U U U # 
# U U U U U U U U U U U U U # 
# # # # # # # # # # # # # # # 
---------------------------------
73
---------------------------------
# # # # # # # # # # # # # # # # 
# U U U U U U U U U U U U U U # 
# U U U U U U U U U U U U U U # 
# U U U U U U U U U U U U U U # 
# U U U U U U U U U U U U U U # 
# U U U U U U U U U U U U U U # 
# U U U U U U U U U U U U U U # 
# U U U U U U U U U U U U U U # 
# U U U U U U U U U U U U U U # 
# U U U U U U U U U U U U U U # 
# U U U U U U U U B U U U U U # 
# U U U U U U U U U U U U U U # 
# U U U U U U U U U U U U U U # 
# U U U U U U U U U U U U U U # 
# U U U U U U U U U U U U U U # 
# # # # # # # # # # # # # # # # 
---------------------------------
74
---------------------------------
# # # # # # # # # # # # # # # # # 
# U U U U U U U U U U U U U U U # 
# U U U U U U U U U U U U U U U # 
# U U U U U U U U U U U U U U U # 
# U U U U U U U U U U U U U U U # 
# U U U U U U U U U U U U U U U # 
# U U U U U U W U U U U U U U U # 
# U U U U U U U U U U U U U U U # 
# U U U U U U U U U U U U U U U # 
# U U U U U U U U U U U U U U U # 
# U U U U U U U U U U U U U U U # 
# U U U U U U U U U U U U U U U # 
# U U U U U U U U U U U U U U U # 
# U U U U U U U U U U U U U U U # 
# U U U U U U U U U U U U U U U # 
# U U U U U U U U U U U U U U U # 
# # # # # # # # # # # # # # # # # 
---------------------------------
75
---------------------------------
# # # # # # # # # # # # # # # # # # 
# U U U U U U U U U U U U U U U U # 
# U U U U U U U U U U U U U U U U # 
# U U U U U U W U U U U U U U U U # 
# U U U U U U U U U U U U U U U U # 
# U U U U U U U U U U U U U U U U # 
# U U U U U U U U U U U U U U U U # 
# U U U U U U U U U U U U U U U U # 
# U U U U U U U U U U U U U U U U # 
# U U U U U U U U U U U U U U U U # 
# U U U U U U U U U U U U U U U U # 
# U U U U U U U U U U U U U U U U # 
# U U U U U U U U U U U U U U U U # 
# U U U U U U U U U U U U U U U U # 
# U U U U U U U U U U U U U U U U # 
# U U U U U U U U U U U U U U U U # 
# U U U U U U U U U U U U U U U U # 
# # # # # # # # # # # # # # # # # # 
---------------------------------
76
---------------------------------
# # # # # # # # # # # # # # # # # # # 
# U U U U U U U U U U U U U U U U U # 
# U U U U U U U U U U U U U U U U U # 
# U U U U U U U U U U U U U U U U U # 
# U U U U U U U U U U U U U U U U U # 
# U U U U U U U U U U U U U U U U U # 
# U U U U U U U U U U U U U U U U U # 
# U U U U U U U U U U U U U U U U U # 
# U U U U U U U U U U U U U U U U U # 
# U U U U U U U U U U U U U U U U U # 
# U U U U U U U U U U U U U U U U U # 
# U U U U U U U U U U U U U U U U U # 
# U U U U U U U U U U U U U U U U U # 
# U U U U U U U U U U U U U U U U U # 
# U U U U U B U U U U U U U U U U U # 
# U U U U U U U U U U U U U U U U U # 
# U U U U U U U U U U U U U U U U U # 
# U U U U U U U U U U U U U U U U U # 
# # # # # # # # # # # # # # # # # # # 
---------------------------------
77
---------------------------------
# # # # # # # # # # # # # # # # # # # # 
# U U U U U U U U U U U U U U U U U U # 
# U U U U U U U U U U U U U U U U U U # 
# U U U U U U U U U U U U U U U U U U # 
# U U U U U U U U U U U U U U U U U U # 
# U U U U U U U U U U U U U U U U U U # 
# U U U U U U U U U U U U U U U U U U # 
# U U U U U U U U U U U U U U U U U U # 
# U U U U U U U U U U U U U U U U U U # 
# U U U U U U U U U U U U U U U U U U # 
# U U U U U U U U U U U U U U U U U U # 
# U U U U U U U U U U U U U U U U U U # 
# U U U U U U U U U U U U U U U U U U # 
# U U U U U U U U U U U U U U U U U U # 
# U U U U U U U U U U U U U U U U U U # 
# U U U U U U U U U U U U U U U U U U # 
# U U U U U U U U U U B U U U U U U U # 
# U U U U U U U U U U U U U U U U U U # 
# U U U U U U U U U U U U U U U U U U # 
# # # # # # # # # # # # # # # # # # # # 
---------------------------------
78
---------------------------------
# # # # # # # # # # # # # # # # # # # # # 
# U U U U U U U U U U U U U U U U U U U # 
# U U U U U U U U U U U U U U U U U U U # 
# U U U U U U U U U U U U U U U U U U U # 
# U U U U U U U U U U U U U U U U U U U # 
# U U U U U U U U U U U U U U U U U U U # 
# U U U U U U U U U U U U U U U U U U U # 
# U U U U U U U U U U U U U U U U U U U # 
# U U U U U U U U U U U U U U U U U U U # 
# U U U U U U U U U U U U U U U U U U U # 
# U U U U U U U U U U U U U U U U U U U # 
# U U U U U U U U U U U U U U U U U U U # 
# U U U U U U U U U U U U U U U U U U U # 
# U U U U U U U U U U U U U U U U U U U # 
# U U U U U U U U U U U U U U U U U U U # 
# U U U U U U U U U U U U U U U U U U U # 
# U U U U U U U U U U U U U U U U U U U # 
# U U U U U U U U U U U U U U U U U U U # 
# U U U U U U U U U U W U U U U U U U U # 
# U U U U U U U U U U U U U U U U U U U # 
# # # # # # # # # # # # # # # # # # # # # 
---------------------------------
79
---------------------------------
# # # # 
# W W # 
# B W # 
# # # # 
---------------------------------
80
---------------------------------
# # # # # 
# W W W # 
# B B B # 
# W B B # 
# # # # # 
---------------------------------
81
---------------------------------
# # # # # # 
# B W B W # 
# W W W B # 
# W B B W # 
# B B B B # 
# # # # # # 
---------------------------------
82
---------------------------------
# # # # # # # 
# W B B B W # 
# B W W B W # 
# W W B W B # 
# W W W B W # 
# W B B B W # 
# # # # # # # 
---------------------------------
83
---------------------------------
# # # # # # # # 
# B W B W W B # 
# W B W W B W # 
# W W W B B B # 
# B B B B W B # 
# B B B B B B # 
# B B B B B B # 
# # # # # # # # 
---------------------------------
84
---------------------------------
# # # # # # # # # 
# B W B W B W B # 
# B W W B W B B # 
# W W W B W W B # 
# B W W B W W W # 
# W W W B W B B # 
# B W B W B B W # 
# W W W W B W B # 
# # # # # # # # # 
---------------------------------
85
---------------------------------
# # # # # # # # # # 
# B W B B B B B B # 
# W B W B B B W B # 
# B W W B W W B B # 
# W W W W B W W W # 
# B W W B B W B W # 
# W W W W B B B B # 
# B W W W W W W W # 
# W W B W B B B W # 
# # # # # # # # # # 
---------------------------------
86
---------------------------------
# # # # # # # # # # # 
# W B W W B W W W B # 
# W B W B B B W B B # 
# W B B W W W B B B # 
# B W B B W B B W W # 
# B W B B B W W B W # 
# B B W B W B B B W # 
# W B W B B B W B W # 
# W W W W W B B B W # 
# W B B W B B W B W # 
# # # # # # # # # # # 
---------------------------------
87
---------------------------------
# # # # # # # # # # # # 
# B B B B W B B W B B # 
# W B B B B W W B W W # 
# B W B B W B W B B W # 
# W W B W B B W W W W # 
# B W W B W B B B W B # 
# W W W W W B W W W W # 
# W B W W W W W W W W # 
# B B W W B B W B W B # 
# W W W W W B B W B W # 
# W B W W W B B W W W # 
# # # # # # # # # # # # 
---------------------------------
88
---------------------------------
# # # # # # # # # # # # # 
# B B W B B W B B W W B # 
# W W W B W W W B W B B # 
# W W B W B B W W W W B # 
# B W W B B W B W B W B # 
# B W B W B W W B W B W # 
# W B B B B B W B B W W # 
# W B B B W W W B W B B # 
# B W W B B W B B B B W # 
# B W W W B W W B B W W # 
# W W W W B B W W W W W # 
# B W W B B W W W B W B # 
# # # # # # # # # # # # # 
---------------------------------
89
---------------------------------
# # # # # # # # # # # # # # 
# B W W B W B W W B B W B # 
# B B W W B W B W W B B W # 
# W B B W B B B B W B W B # 
# B B W W W W B B W W W B # 
# B W W W W B B B W B W W # 
# B B W B W B W W W W W W # 
# W B W B B W W B B W W W # 
# B W B W B W B W B W W W # 
# W W B W W B W B W B W W # 
# W W B W B W W B B B W B # 
# B B B W W W W B W B B W # 
# B W B W B B B B B B W W # 
# # # # # # # # # # # # # # 
---------------------------------
90
---------------------------------
# # # # # # # # # # # # # # # 
# B W B W W B W B B B B W B # 
# W W W B W W W B W W W B W # 
# W W B B W W W W W W W B W # 
# B B B W W B B W W B W W B # 
# B B B W W W B W W B B W W # 
# W B W W W W W W W B W B B # 
# B W W W B B B B W W B W W # 
# W B B W W W W W W W W B W # 
# B W B B W B B W B B B W W # 
# B W B B W B B W W B B W W # 
# B W B B W B B W B W B W W # 
# W B W B W B W B W B W B W # 
# B B B W B B W B W B W B B # 
# # # # # # # # # # # # # # # 
---------------------------------
91
---------------------------------
# # # # # # # # # # # # # # # # 
# B B B B W B W W W B W W W W # 
# W W W B W B W B W W B W W B # 
# B B B W W B B B W B B B W W # 
# B B W B B B B W W W W B B B # 
# W B W W W W B W B W W B W B # 
# W B B B W B B W B B B B W B # 
# B W W B B W W B B W B W W W # 
# B B B B B B W B W B W B W B # 
# W B B W W B W W W B B W B B # 
# B W W W W W B B B W W B W W # 
# W B B B B W W B W B B B W W # 
# B B W B W W W B B B W W B W # 
# B B W B B B B B W W W B W W # 
# B W W W W W W W B B W W W B # 
# # # # # # # # # # # # # # # # 
---------------------------------
92
---------------------------------
# # # # # # # # # # # # # # # # # 
# W B B B W W B W B W B B W W B # 
# B W W W B W W W W W B W W W W # 
# W W B W W W B B W B B W W W B # 
# W B W W B W B W B W B W B W W # 
# W W B W B W B B W B B B B W W # 
# B W W W W W B W W B B W B W B # 
# W W W B B B W W W W W B W W B # 
# B W B W B W B B B B W W B B B # 
# B B W B W B W W B B B W W W W # 
# B W B B W B W W B W B W W B W # 
# B B B W B W W W W B B B W B B # 
# W W W W B W B B W B B B W W B # 
# B B W B W W B B W W W W W B W # 
# B B W W B B B B B W B B W B B # 
# W B W W B B W W W B W W W W B # 
# # # # # # # # # # # # # # # # # 
---------------------------------
93
---------------------------------
# # # # # # # # # # # # # # # # # # 
# W W W W W B W W B W B B B B B B # 
# B B B B W W B B W B W B W W B W # 
# W B W B W W B W W W W B W B W B # 
# B B W B W W B W W B B B W B W W # 
# W W W B W B B B W B W W B B W B # 
# W W B W B B B W B W W B W B B B # 
# B B B B B W B B W W W W W W W W # 
# B W B B W W W B W W W B B W W B # 
# W B W W W W W W B B B W B W B W # 
# W B W B B B B W B W B B B B B W # 
# W W W W B W B W W W B B W B B W # 
# W W W B B W B B B B W W B W W B # 
# B B W B W B W W W B B W B W W W # 
# B B B W W B B W B B B W B W W W # 
# B W B W B B B W B B W B B B W W # 
# B W B W B B W B B W B B B B B B # 
# # # # # # # # # # # # # # # # # # 
---------------------------------
94
---------------------------------
# # # # # # # # # # # # # # # # # # # 
# W B W W B W W W W W W B B B B W B # 
# W W B B B B W B B B W W W B W W B # 
# W B B B W W B W W B B W B W W B W # 
# B W W W B W W B B B W B W B B B B # 
# B B B W B W B B B B B W B W W B W # 
# B B B W B W B B W B B B W B B B B # 
# W W W W B B W B W B W W W W B B W # 
# W W B B W B B W W B W W W B B W W # 
# W W W B B W W W B B B B B B B W W # 
# W B B B W W W B B W B B B W W B B # 
# B B B B B B B B B W W W W W B B W # 
# B B W B W B W B B W B W W B B W B # 
# B B W W W W W W B B W B W B B B W # 
# W B W W W B W B B W B W W B B W W # 
# B W B B B B W B W B W W W W W W W # 
# W B W B W W B W W B B W W W B B W # 
# W B B W B B B W W B B B B W B B W # 
# # # # # # # # # # # # # # # # # # # 
---------------------------------
95
---------------------------------
# # # # # # # # # # # # # # # # # # # # 
# B W W W B W W B W B W B W B W W B B # 
# W W B W B B B B W W W W B B W B W B # 
# B B W B W W B W B W B B B W B B B W # 
# W B B W W B W B B W W W W B B W W W # 
# W W W B B W W B W W B W B B B B W W # 
# W W W B W B W B W W W W B W B B B B # 
# W W W W W B W W W W B W B W W W W B # 
# B W B W W W W B B W B B W W W W B W # 
# B W W B B B B W W W W B B B W B B W # 
# W W B W W W B W B B B W B B W W W W # 
# B B W W W W B W W W B W B W W B B B # 
# W W B B B W B B B W B W B W B W W B # 
# W W W B B W W B W W B B W W W W W W # 
# B B B W W W W W B W W B B W W W W B # 
# W B B W B B B B W W B B W B W W W B # 
# W W W W B W W W B B B W B B W B W W # 
# B W B B W B B B B B B B W W B W W W # 
# W W B B B W W W B W B W B W W B W B # 
# # # # # # # # # # # # # # # # # # # # 
---------------------------------
96
---------------------------------
# # # # # # # # # # # # # # # # # # # # # 
# B B W B B W W B W W B B W W B B W W W # 
# B B B W W W B W W B W B B B W B B B W # 
# B B B B B W B W B B W W W B B B B W B # 
# W B W B W W B W B B B B B B B B B B B # 
# W W B B B B B W W W B W W W B B W W B # 
# W B B B W W W B W W W B B B W B B B W # 
# W W B B B W W B B B W W W W W B B B B # 
# B B B B W W W W B B W W W W W W B B W # 
# B W B W W B W W W W W B B B B W W W W # 
# W W W W B B W B W B W W W B B W W W B # 
# B W W W B W B W W B B W W B W W W B W # 
# W W B W B B W W W B B W B W W B B B W # 
# B W B B B B B B W B W W B W B W W W B # 
# W W W W W B W W W W B B B B W W W B W # 
# W B B W B B W W B B W W B B B W B B B # 
# B B W W W W B B W W B B W B W B B W B # 
# W B W W B W B B B B W B B W W B W W W # 
# B W B W B W W W W W W B W W W B B W W # 
# B B B W B B B W B B B B B W W B W W W # 
# # # # # # # # # # # # # # # # # # # # # 
---------------------------------
97
---------------------------------
# # # # 
# B B # 
# U W # 
# # # # 
---------------------------------
98
---------------------------------
# # # # # 
# W W W # 
# W B B # 
# W U W # 
# # # # # 
---------------------------------
99
---------------------------------
# # # # # # 
# W W W W # 
# U W U B # 
# W U W B # 
# U W B B # 
# # # # # # 
---------------------------------
100
---------------------------------
# # # # # # # 
# B U B B W # 
# W W W B B # 
# B B W U W # 
# W B U W B # 
# W U W W B # 
# # # # # # # 
---------------------------------
101
---------------------------------
# # # # # # # # 
# W B B B W B # 
# B W W W B B # 
# B U W U W B # 
# U W W B B B # 
# B W W B B W # 
# U B B W B W # 
# # # # # # # # 
---------------------------------
102
---------------------------------
# # # # # # # # # 
# B U W B W U B # 
# W W W W B B U # 
# B W B U W U W # 
# B B B W B B U # 
# B U B B B U W # 
# W W U B U B W # 
# W U W B W U B # 
# # # # # # # # # 
---------------------------------
103
---------------------------------
# # # # # # # # # # 
# B B W U W B B B # 
# U B W W U B B B # 
# W U B U W W B W # 
# B B U B W W U W # 
# B U W U B U W W # 
# W B U W W B W B # 
# W B B B B W B U # 
# U B U W U B W B # 
# # # # # # # # # # 
---------------------------------
104
---------------------------------
# # # # # # # # # # # 
# B U B B B B B B W # 
# W W W B W B U B B # 
# W U B B B B W W B # 
# B W B W B W B W W # 
# B B B U W W B B B # 
# W W U W B B B B W # 
# B U B W B U W B W # 
# B B U W U B U W U # 
# B B B B B B B U W # 
# # # # # # # # # # # 
---------------------------------
105
---------------------------------
# # # # # # # # # # # # 
# W U B B B U W W W W # 
# U B B W B B B B W B # 
# W B B W B U W U B U # 
# U W B W B B W B W W # 
# W W B W W B W W B W # 
# B W W B U B U B U B # 
# B U B W B B W B B B # 
# U B B B U B B B W W # 
# W W W U W U B B B U # 
# U W W B U W W W W W # 
# # # # # # # # # # # # 
---------------------------------
106
---------------------------------
# # # # # # # # # # # # # 
# W U W B W W B B W B B # 
# U W B W B B U W U W U # 
# B U B U B U B B B U B # 
# W B U W U W U B B B B # 
# B B B B B W B W W U B # 
# B W U B W W B W U B B # 
# B W B U W B B W B B W # 
# U W W W W W W B W W U # 
# W U W W B U B B B B W # 
# W W U B W B W B U W B # 
# W B B B W U B B B U W # 
# # # # # # # # # # # # # 
---------------------------------
107
---------------------------------
# # # # # # # # # # # # # # 
# W U W U B B W B B B B W # 
# B W B W W W U W B W W B # 
# W B B B W B W W W U B W # 
# W W U W B W U W U W B B # 
# W B B B W U B W B B W W # 
# U W B B W W W B B B U W # 
# W B W U B W W U W B B B # 
# U W W W B B B B U B W B # 
# W B W B W B W U B U B B # 
# U W U W B B B W U W W W # 
# B U B W W U B U W W W U # 
# B B W B U B B W B B U W # 
# # # # # # # # # # # # # # 
---------------------------------
108
---------------------------------
# # # # # # # # # # # # # # # 
# W W B B B U B B B B B U B # 
# W W U B B B B W U B B W W # 
# B B B W W B B B W B B U W # 
# W W U B W W U B U W U W W # 
# W B W W W B W U B U B B B # 
# U B B W B W B B B W W B U # 
# W U W B W B B U W W W B W # 
# W B W W U B W W U B B B W # 
# W U W B W U B B B U W U B # 
# B B W B B W U B B W W B W # 
# B U W U B U B W W B B U B # 
# W W U B B W B W W W U B W # 
# W U B B B U B W W U B B B # 
# # # # # # # # # # # # # # # 
---------------------------------
109
---------------------------------
# # # # # # # # # # # # # # # # 
# B U W U W U W B B W W B W W # 
# W B B B U W W W U B B B U B # 
# W W W B W U B U B W B B W B # 
# U W W B B B U W U B W B B W # 
# B U W W B W W B W U W B W B # 
# U W B B W B B W W B W W W B # 
# B W W B B U B B B W W W W B # 
# B B U W W W B W U W W W B W # 
# W U B B B U B W B U W W W W # 
# U W U B B B B B B W W W U W # 
# B W B U W W W U W U B B W U # 
# U W B W B W B W W B W B U B # 
# W B B U B W B B B U W B B U # 
# W W U B B W U W U B U W B W # 
# # # # # # # # # # # # # # # # 
---------------------------------
110
---------------------------------
# # # # # # # # # # # # # # # # # 
# B B B W W B B U W W B U W B B # 
# B B W W W W W W U W B W U B U # 
# B U B U W W B B B U W B B B B # 
# B W U B U B W W B B U B B W B # 
# W U W B B B W B W U B U W U W # 
# B W B B U W U B B W W B W W W # 
# W U W W W U B U W B B W B U W # 
# B W U B B B U B B B B B W B B # 
# W W W B B B W U W U B U B B W # 
# W W B W W B B B W W U B U B B # 
# W W B U B U W U B W B U W W B # 
# U B B W W W U W U B U W W W B # 
# W U W W W U W U W W W B B U B # 
# W B U W W B W B W W B B B W U # 
# W U W U B B W W B B B U B W W # 
# # # # # # # # # # # # # # # # # 
---------------------------------
111
---------------------------------
# # # # # # # # # # # # # # # # # # 
# B B B W W U B B W U W U B U B W # 
# W B U W W B U W W B W W W B B W # 
# B U B U W W W W B W W B W W B B # 
# B W U B B W U B U W W W U W W W # 
# B W W U B U W U W W W W B B B W # 
# U W U B B B W W B W B B W W U B # 
# B W B B B W B B W U B W W B W B # 
# U W U W B B U W U B B B B W W W # 
# W B B W B U B B B W B W B W W W # 
# W W W W U B B B U W B W B W U B # 
# B U W U W U B U W W W U B U B B # 
# B B W W U B W W W W W B U W W W # 
# W U W B W B W B W U B U W B W B # 
# W B U W U B B B B B U W B B B W # 
# W W W U B B W W W U B W B U W B # 
# W W W B U W U W B W U B U W U W # 
# # # # # # # # # # # # # # # # # # 
---------------------------------
112
---------------------------------
# # # # # # # # # # # # # # # # # # # 
# W W B W W U B B W U B B B W W U B # 
# U B W W U B U B W B U B B B B B W # 
# B U W U W B W U B W W U W W W W W # 
# U W B B B W B B U W W B B B B B W # 
# W U W W B U B B B U B U B U W W B # 
# U W W B B W U W W B W W U B W B U # 
# W W B U B B B B W U W W B U W U W # 
# B W W B W W B B B W B W B B W B U # 
# W U B W B U B U W U W U B B B B B # 
# U B W B U W B B B B B B W W W W B # 
# B U W W B U W W W W B U W W B W B # 
# U B B W B W B W W B W W B W U B B # 
# B W W B W W B B W B B W W B B B W # 
# B W W B U W B W B B B W U W B B W # 
# W U W U W W B W W B B W W W B U W # 
# U W W W B B B W W B W W W B B B W # 
# B U B U W U W B B U W W B U W U B # 
# # # # # # # # # # # # # # # # # # # 
---------------------------------
113
---------------------------------
# # # # # # # # # # # # # # # # # # # # 
# B W W W W B W U W B W B B W W U W B # 
# B B W B U B B W W B B B U W B B U B # 
# B U W B B U W W W U W W W W B B W U # 
# W B W B B B U W W B U B W B B B U B # 
# W B B U B U W W W U W U B U B B W B # 
# B B W B B W B B B W U B U W U B B W # 
# W W B W B B W U W W W W W U B B W B # 
# W B U B U B W W U W U B B W B W U B # 
# W W B U W B B B W U B B W W W U B W # 
# U B B B W B U B B B U B W W W B W B # 
# W U B U B B B B W W W W B U B B W B # 
# B W U B U B U W U W W W W B W B W B # 
# W W B B W W B U W U B U B B W W B B # 
# W W U W W B U W W W W W U W W W U W # 
# B U B U B W B B B U B U B U B W B W # 
# U B U B U B W W B W U B W W W W W W # 
# W W W W B U B B B B B U W B W U B U # 
# U B U B U B U W U B U W U B B W B B # 
# # # # # # # # # # # # # # # # # # # # 
---------------------------------
114
---------------------------------
# # # # # # # # # # # # # # # # # # # # # 
# W U B U B W B U W U W B B B B U B U W # 
# U B W B U W U W W W W B U B W B B B U # 
# W B B U W B W U B W W W W W B B W B B # 
# B W U W U W U B W B U W U W B B B W U # 
# B B W W W W W U B U B B W W B B B U B # 
# B W B W U B W B U W U W B W U W B W U # 
# B W W W B B B B B W W U W B B W W B W # 
# U W U B B B W B B W W B U W W W B B W # 
# B W B U W W B B B W W W W W B B B U B # 
# B W B B U B U B W W U B U B B W U B U # 
# W U B W B U B U W U B U B W W B B U W # 
# B B B B U W B W U B B B W B B B U W W # 
# W U W W W B B B W B W U W U W U W B W # 
# W B U B B B W B B W U B B B B W W W B # 
# B U W B W W W U B W W W B B W U W B W # 
# W W B B B B U B W W B W B B U W W W U # 
# B B B B W U B W W U W W W U B U B U W # 
# U B W W U W B W B B U W B B W W U B W # 
# B U W B B U B W W B W B B U B B W W W # 
# # # # # # # # # # # # # # # # # # # # # 
---------------------------------
